// Jest Snapshot v1, https://goo.gl/fbAQLP

exports[`Asset price checker snapshot test 1`] = `
<div
  className="asset-price-box"
>
  <div
    className="title"
  >
    Current Asset Prices
  </div>
  Wednesday, 12 
      May 2021
  <table>
    <tbody>
      <tr>
        <th>
          Bitcoin:
        </th>
        <td>
          $
          0
        </td>
      </tr>
      <tr>
        <th>
          Bitcoin Cash:
        </th>
        <td>
          $
          0
        </td>
      </tr>
      <tr>
        <th>
          Gold:
        </th>
        <td>
          $
          0
        </td>
      </tr>
      <tr>
        <th>
          Silver:
        </th>
        <td>
          $
          0
        </td>
      </tr>
    </tbody>
  </table>
  <button
    className="price-btn"
    data-testid="get-price-test"
    onClick={[Function]}
  >
    <p
      className="price-btn-title"
    >
      Get Price
    </p>
  </button>
</div>
`;
